C:\Users\Ria_Shah\OneDrive - Dell Technologies\Documents\Ria\Practice\ticket-service\src\main\java\org\ria\ticketservice\client\ParkingLotClient.java
C:\Users\Ria_Shah\OneDrive - Dell Technologies\Documents\Ria\Practice\ticket-service\src\main\java\org\ria\ticketservice\controller\TicketController.java
C:\Users\Ria_Shah\OneDrive - Dell Technologies\Documents\Ria\Practice\ticket-service\src\main\java\org\ria\ticketservice\entity\TicketEntity.java
C:\Users\Ria_Shah\OneDrive - Dell Technologies\Documents\Ria\Practice\ticket-service\src\main\java\org\ria\ticketservice\exception\GlobalExceptionHandler.java
C:\Users\Ria_Shah\OneDrive - Dell Technologies\Documents\Ria\Practice\ticket-service\src\main\java\org\ria\ticketservice\model\Ticket.java
C:\Users\Ria_Shah\OneDrive - Dell Technologies\Documents\Ria\Practice\ticket-service\src\main\java\org\ria\ticketservice\model\Vehicle.java
C:\Users\Ria_Shah\OneDrive - Dell Technologies\Documents\Ria\Practice\ticket-service\src\main\java\org\ria\ticketservice\model\VehicleType.java
C:\Users\Ria_Shah\OneDrive - Dell Technologies\Documents\Ria\Practice\ticket-service\src\main\java\org\ria\ticketservice\repository\TicketRepository.java
C:\Users\Ria_Shah\OneDrive - Dell Technologies\Documents\Ria\Practice\ticket-service\src\main\java\org\ria\ticketservice\service\TicketService.java
C:\Users\Ria_Shah\OneDrive - Dell Technologies\Documents\Ria\Practice\ticket-service\src\main\java\org\ria\ticketservice\TicketServiceApplication.java
